// Jest Snapshot v1, https://goo.gl/fbAQLP

exports[`DynaCurrencies, get data should getCurrencyRatesArray 1`] = `
Array [
  Object {
    "code": "USD",
    "decimalDigits": 2,
    "name": "US Dollar",
    "namePlural": "US dollars",
    "rounding": 0,
    "symbol": "$",
    "symbolNative": "$",
  },
  Object {
    "code": "CAD",
    "decimalDigits": 2,
    "name": "Canadian Dollar",
    "namePlural": "Canadian dollars",
    "rounding": 0,
    "symbol": "CA$",
    "symbolNative": "$",
  },
  Object {
    "code": "EUR",
    "decimalDigits": 2,
    "name": "Euro",
    "namePlural": "euros",
    "rounding": 0,
    "symbol": "€",
    "symbolNative": "€",
  },
  Object {
    "code": "AED",
    "decimalDigits": 2,
    "name": "United Arab Emirates Dirham",
    "namePlural": "UAE dirhams",
    "rounding": 0,
    "symbol": "AED",
    "symbolNative": "د.إ.‏",
  },
  Object {
    "code": "AFN",
    "decimalDigits": 0,
    "name": "Afghan Afghani",
    "namePlural": "Afghan Afghanis",
    "rounding": 0,
    "symbol": "Af",
    "symbolNative": "؋",
  },
  Object {
    "code": "ALL",
    "decimalDigits": 0,
    "name": "Albanian Lek",
    "namePlural": "Albanian lekë",
    "rounding": 0,
    "symbol": "ALL",
    "symbolNative": "Lek",
  },
  Object {
    "code": "AMD",
    "decimalDigits": 0,
    "name": "Armenian Dram",
    "namePlural": "Armenian drams",
    "rounding": 0,
    "symbol": "AMD",
    "symbolNative": "դր.",
  },
  Object {
    "code": "ARS",
    "decimalDigits": 2,
    "name": "Argentine Peso",
    "namePlural": "Argentine pesos",
    "rounding": 0,
    "symbol": "AR$",
    "symbolNative": "$",
  },
  Object {
    "code": "AUD",
    "decimalDigits": 2,
    "name": "Australian Dollar",
    "namePlural": "Australian dollars",
    "rounding": 0,
    "symbol": "AU$",
    "symbolNative": "$",
  },
  Object {
    "code": "AZN",
    "decimalDigits": 2,
    "name": "Azerbaijani Manat",
    "namePlural": "Azerbaijani manats",
    "rounding": 0,
    "symbol": "man.",
    "symbolNative": "ман.",
  },
  Object {
    "code": "BAM",
    "decimalDigits": 2,
    "name": "Bosnia-Herzegovina Convertible Mark",
    "namePlural": "Bosnia-Herzegovina convertible marks",
    "rounding": 0,
    "symbol": "KM",
    "symbolNative": "KM",
  },
  Object {
    "code": "BDT",
    "decimalDigits": 2,
    "name": "Bangladeshi Taka",
    "namePlural": "Bangladeshi takas",
    "rounding": 0,
    "symbol": "Tk",
    "symbolNative": "৳",
  },
  Object {
    "code": "BGN",
    "decimalDigits": 2,
    "name": "Bulgarian Lev",
    "namePlural": "Bulgarian leva",
    "rounding": 0,
    "symbol": "BGN",
    "symbolNative": "лв.",
  },
  Object {
    "code": "BHD",
    "decimalDigits": 3,
    "name": "Bahraini Dinar",
    "namePlural": "Bahraini dinars",
    "rounding": 0,
    "symbol": "BD",
    "symbolNative": "د.ب.‏",
  },
  Object {
    "code": "BIF",
    "decimalDigits": 0,
    "name": "Burundian Franc",
    "namePlural": "Burundian francs",
    "rounding": 0,
    "symbol": "FBu",
    "symbolNative": "FBu",
  },
  Object {
    "code": "BND",
    "decimalDigits": 2,
    "name": "Brunei Dollar",
    "namePlural": "Brunei dollars",
    "rounding": 0,
    "symbol": "BN$",
    "symbolNative": "$",
  },
  Object {
    "code": "BOB",
    "decimalDigits": 2,
    "name": "Bolivian Boliviano",
    "namePlural": "Bolivian bolivianos",
    "rounding": 0,
    "symbol": "Bs",
    "symbolNative": "Bs",
  },
  Object {
    "code": "BRL",
    "decimalDigits": 2,
    "name": "Brazilian Real",
    "namePlural": "Brazilian reals",
    "rounding": 0,
    "symbol": "R$",
    "symbolNative": "R$",
  },
  Object {
    "code": "BWP",
    "decimalDigits": 2,
    "name": "Botswanan Pula",
    "namePlural": "Botswanan pulas",
    "rounding": 0,
    "symbol": "BWP",
    "symbolNative": "P",
  },
  Object {
    "code": "BYR",
    "decimalDigits": 0,
    "name": "Belarusian Ruble",
    "namePlural": "Belarusian rubles",
    "rounding": 0,
    "symbol": "BYR",
    "symbolNative": "BYR",
  },
  Object {
    "code": "BZD",
    "decimalDigits": 2,
    "name": "Belize Dollar",
    "namePlural": "Belize dollars",
    "rounding": 0,
    "symbol": "BZ$",
    "symbolNative": "$",
  },
  Object {
    "code": "CDF",
    "decimalDigits": 2,
    "name": "Congolese Franc",
    "namePlural": "Congolese francs",
    "rounding": 0,
    "symbol": "CDF",
    "symbolNative": "FrCD",
  },
  Object {
    "code": "CHF",
    "decimalDigits": 2,
    "name": "Swiss Franc",
    "namePlural": "Swiss francs",
    "rounding": 0.05,
    "symbol": "CHF",
    "symbolNative": "CHF",
  },
  Object {
    "code": "CLP",
    "decimalDigits": 0,
    "name": "Chilean Peso",
    "namePlural": "Chilean pesos",
    "rounding": 0,
    "symbol": "CL$",
    "symbolNative": "$",
  },
  Object {
    "code": "CNY",
    "decimalDigits": 2,
    "name": "Chinese Yuan",
    "namePlural": "Chinese yuan",
    "rounding": 0,
    "symbol": "CN¥",
    "symbolNative": "CN¥",
  },
  Object {
    "code": "COP",
    "decimalDigits": 0,
    "name": "Colombian Peso",
    "namePlural": "Colombian pesos",
    "rounding": 0,
    "symbol": "CO$",
    "symbolNative": "$",
  },
  Object {
    "code": "CRC",
    "decimalDigits": 0,
    "name": "Costa Rican Colón",
    "namePlural": "Costa Rican colóns",
    "rounding": 0,
    "symbol": "₡",
    "symbolNative": "₡",
  },
  Object {
    "code": "CVE",
    "decimalDigits": 2,
    "name": "Cape Verdean Escudo",
    "namePlural": "Cape Verdean escudos",
    "rounding": 0,
    "symbol": "CV$",
    "symbolNative": "CV$",
  },
  Object {
    "code": "CZK",
    "decimalDigits": 2,
    "name": "Czech Republic Koruna",
    "namePlural": "Czech Republic korunas",
    "rounding": 0,
    "symbol": "Kč",
    "symbolNative": "Kč",
  },
  Object {
    "code": "DJF",
    "decimalDigits": 0,
    "name": "Djiboutian Franc",
    "namePlural": "Djiboutian francs",
    "rounding": 0,
    "symbol": "Fdj",
    "symbolNative": "Fdj",
  },
  Object {
    "code": "DKK",
    "decimalDigits": 2,
    "name": "Danish Krone",
    "namePlural": "Danish kroner",
    "rounding": 0,
    "symbol": "Dkr",
    "symbolNative": "kr",
  },
  Object {
    "code": "DOP",
    "decimalDigits": 2,
    "name": "Dominican Peso",
    "namePlural": "Dominican pesos",
    "rounding": 0,
    "symbol": "RD$",
    "symbolNative": "RD$",
  },
  Object {
    "code": "DZD",
    "decimalDigits": 2,
    "name": "Algerian Dinar",
    "namePlural": "Algerian dinars",
    "rounding": 0,
    "symbol": "DA",
    "symbolNative": "د.ج.‏",
  },
  Object {
    "code": "EEK",
    "decimalDigits": 2,
    "name": "Estonian Kroon",
    "namePlural": "Estonian kroons",
    "rounding": 0,
    "symbol": "Ekr",
    "symbolNative": "kr",
  },
  Object {
    "code": "EGP",
    "decimalDigits": 2,
    "name": "Egyptian Pound",
    "namePlural": "Egyptian pounds",
    "rounding": 0,
    "symbol": "EGP",
    "symbolNative": "ج.م.‏",
  },
  Object {
    "code": "ERN",
    "decimalDigits": 2,
    "name": "Eritrean Nakfa",
    "namePlural": "Eritrean nakfas",
    "rounding": 0,
    "symbol": "Nfk",
    "symbolNative": "Nfk",
  },
  Object {
    "code": "ETB",
    "decimalDigits": 2,
    "name": "Ethiopian Birr",
    "namePlural": "Ethiopian birrs",
    "rounding": 0,
    "symbol": "Br",
    "symbolNative": "Br",
  },
  Object {
    "code": "GBP",
    "decimalDigits": 2,
    "name": "British Pound Sterling",
    "namePlural": "British pounds sterling",
    "rounding": 0,
    "symbol": "£",
    "symbolNative": "£",
  },
  Object {
    "code": "GEL",
    "decimalDigits": 2,
    "name": "Georgian Lari",
    "namePlural": "Georgian laris",
    "rounding": 0,
    "symbol": "GEL",
    "symbolNative": "GEL",
  },
  Object {
    "code": "GHS",
    "decimalDigits": 2,
    "name": "Ghanaian Cedi",
    "namePlural": "Ghanaian cedis",
    "rounding": 0,
    "symbol": "GH₵",
    "symbolNative": "GH₵",
  },
  Object {
    "code": "GNF",
    "decimalDigits": 0,
    "name": "Guinean Franc",
    "namePlural": "Guinean francs",
    "rounding": 0,
    "symbol": "FG",
    "symbolNative": "FG",
  },
  Object {
    "code": "GTQ",
    "decimalDigits": 2,
    "name": "Guatemalan Quetzal",
    "namePlural": "Guatemalan quetzals",
    "rounding": 0,
    "symbol": "GTQ",
    "symbolNative": "Q",
  },
  Object {
    "code": "HKD",
    "decimalDigits": 2,
    "name": "Hong Kong Dollar",
    "namePlural": "Hong Kong dollars",
    "rounding": 0,
    "symbol": "HK$",
    "symbolNative": "$",
  },
  Object {
    "code": "HNL",
    "decimalDigits": 2,
    "name": "Honduran Lempira",
    "namePlural": "Honduran lempiras",
    "rounding": 0,
    "symbol": "HNL",
    "symbolNative": "L",
  },
  Object {
    "code": "HRK",
    "decimalDigits": 2,
    "name": "Croatian Kuna",
    "namePlural": "Croatian kunas",
    "rounding": 0,
    "symbol": "kn",
    "symbolNative": "kn",
  },
  Object {
    "code": "HUF",
    "decimalDigits": 0,
    "name": "Hungarian Forint",
    "namePlural": "Hungarian forints",
    "rounding": 0,
    "symbol": "Ft",
    "symbolNative": "Ft",
  },
  Object {
    "code": "IDR",
    "decimalDigits": 0,
    "name": "Indonesian Rupiah",
    "namePlural": "Indonesian rupiahs",
    "rounding": 0,
    "symbol": "Rp",
    "symbolNative": "Rp",
  },
  Object {
    "code": "ILS",
    "decimalDigits": 2,
    "name": "Israeli New Sheqel",
    "namePlural": "Israeli new sheqels",
    "rounding": 0,
    "symbol": "₪",
    "symbolNative": "₪",
  },
  Object {
    "code": "INR",
    "decimalDigits": 2,
    "name": "Indian Rupee",
    "namePlural": "Indian rupees",
    "rounding": 0,
    "symbol": "Rs",
    "symbolNative": "টকা",
  },
  Object {
    "code": "IQD",
    "decimalDigits": 0,
    "name": "Iraqi Dinar",
    "namePlural": "Iraqi dinars",
    "rounding": 0,
    "symbol": "IQD",
    "symbolNative": "د.ع.‏",
  },
  Object {
    "code": "IRR",
    "decimalDigits": 0,
    "name": "Iranian Rial",
    "namePlural": "Iranian rials",
    "rounding": 0,
    "symbol": "IRR",
    "symbolNative": "﷼",
  },
  Object {
    "code": "ISK",
    "decimalDigits": 0,
    "name": "Icelandic Króna",
    "namePlural": "Icelandic krónur",
    "rounding": 0,
    "symbol": "Ikr",
    "symbolNative": "kr",
  },
  Object {
    "code": "JMD",
    "decimalDigits": 2,
    "name": "Jamaican Dollar",
    "namePlural": "Jamaican dollars",
    "rounding": 0,
    "symbol": "J$",
    "symbolNative": "$",
  },
  Object {
    "code": "JOD",
    "decimalDigits": 3,
    "name": "Jordanian Dinar",
    "namePlural": "Jordanian dinars",
    "rounding": 0,
    "symbol": "JD",
    "symbolNative": "د.أ.‏",
  },
  Object {
    "code": "JPY",
    "decimalDigits": 0,
    "name": "Japanese Yen",
    "namePlural": "Japanese yen",
    "rounding": 0,
    "symbol": "¥",
    "symbolNative": "￥",
  },
  Object {
    "code": "KES",
    "decimalDigits": 2,
    "name": "Kenyan Shilling",
    "namePlural": "Kenyan shillings",
    "rounding": 0,
    "symbol": "Ksh",
    "symbolNative": "Ksh",
  },
  Object {
    "code": "KHR",
    "decimalDigits": 2,
    "name": "Cambodian Riel",
    "namePlural": "Cambodian riels",
    "rounding": 0,
    "symbol": "KHR",
    "symbolNative": "៛",
  },
  Object {
    "code": "KMF",
    "decimalDigits": 0,
    "name": "Comorian Franc",
    "namePlural": "Comorian francs",
    "rounding": 0,
    "symbol": "CF",
    "symbolNative": "FC",
  },
  Object {
    "code": "KRW",
    "decimalDigits": 0,
    "name": "South Korean Won",
    "namePlural": "South Korean won",
    "rounding": 0,
    "symbol": "₩",
    "symbolNative": "₩",
  },
  Object {
    "code": "KWD",
    "decimalDigits": 3,
    "name": "Kuwaiti Dinar",
    "namePlural": "Kuwaiti dinars",
    "rounding": 0,
    "symbol": "KD",
    "symbolNative": "د.ك.‏",
  },
  Object {
    "code": "KZT",
    "decimalDigits": 2,
    "name": "Kazakhstani Tenge",
    "namePlural": "Kazakhstani tenges",
    "rounding": 0,
    "symbol": "KZT",
    "symbolNative": "тңг.",
  },
  Object {
    "code": "LBP",
    "decimalDigits": 0,
    "name": "Lebanese Pound",
    "namePlural": "Lebanese pounds",
    "rounding": 0,
    "symbol": "LB£",
    "symbolNative": "ل.ل.‏",
  },
  Object {
    "code": "LKR",
    "decimalDigits": 2,
    "name": "Sri Lankan Rupee",
    "namePlural": "Sri Lankan rupees",
    "rounding": 0,
    "symbol": "SLRs",
    "symbolNative": "SL Re",
  },
  Object {
    "code": "LTL",
    "decimalDigits": 2,
    "name": "Lithuanian Litas",
    "namePlural": "Lithuanian litai",
    "rounding": 0,
    "symbol": "Lt",
    "symbolNative": "Lt",
  },
  Object {
    "code": "LVL",
    "decimalDigits": 2,
    "name": "Latvian Lats",
    "namePlural": "Latvian lati",
    "rounding": 0,
    "symbol": "Ls",
    "symbolNative": "Ls",
  },
  Object {
    "code": "LYD",
    "decimalDigits": 3,
    "name": "Libyan Dinar",
    "namePlural": "Libyan dinars",
    "rounding": 0,
    "symbol": "LD",
    "symbolNative": "د.ل.‏",
  },
  Object {
    "code": "MAD",
    "decimalDigits": 2,
    "name": "Moroccan Dirham",
    "namePlural": "Moroccan dirhams",
    "rounding": 0,
    "symbol": "MAD",
    "symbolNative": "د.م.‏",
  },
  Object {
    "code": "MDL",
    "decimalDigits": 2,
    "name": "Moldovan Leu",
    "namePlural": "Moldovan lei",
    "rounding": 0,
    "symbol": "MDL",
    "symbolNative": "MDL",
  },
  Object {
    "code": "MGA",
    "decimalDigits": 0,
    "name": "Malagasy Ariary",
    "namePlural": "Malagasy Ariaries",
    "rounding": 0,
    "symbol": "MGA",
    "symbolNative": "MGA",
  },
  Object {
    "code": "MKD",
    "decimalDigits": 2,
    "name": "Macedonian Denar",
    "namePlural": "Macedonian denari",
    "rounding": 0,
    "symbol": "MKD",
    "symbolNative": "MKD",
  },
  Object {
    "code": "MMK",
    "decimalDigits": 0,
    "name": "Myanma Kyat",
    "namePlural": "Myanma kyats",
    "rounding": 0,
    "symbol": "MMK",
    "symbolNative": "K",
  },
  Object {
    "code": "MOP",
    "decimalDigits": 2,
    "name": "Macanese Pataca",
    "namePlural": "Macanese patacas",
    "rounding": 0,
    "symbol": "MOP$",
    "symbolNative": "MOP$",
  },
  Object {
    "code": "MUR",
    "decimalDigits": 0,
    "name": "Mauritian Rupee",
    "namePlural": "Mauritian rupees",
    "rounding": 0,
    "symbol": "MURs",
    "symbolNative": "MURs",
  },
  Object {
    "code": "MXN",
    "decimalDigits": 2,
    "name": "Mexican Peso",
    "namePlural": "Mexican pesos",
    "rounding": 0,
    "symbol": "MX$",
    "symbolNative": "$",
  },
  Object {
    "code": "MYR",
    "decimalDigits": 2,
    "name": "Malaysian Ringgit",
    "namePlural": "Malaysian ringgits",
    "rounding": 0,
    "symbol": "RM",
    "symbolNative": "RM",
  },
  Object {
    "code": "MZN",
    "decimalDigits": 2,
    "name": "Mozambican Metical",
    "namePlural": "Mozambican meticals",
    "rounding": 0,
    "symbol": "MTn",
    "symbolNative": "MTn",
  },
  Object {
    "code": "NAD",
    "decimalDigits": 2,
    "name": "Namibian Dollar",
    "namePlural": "Namibian dollars",
    "rounding": 0,
    "symbol": "N$",
    "symbolNative": "N$",
  },
  Object {
    "code": "NGN",
    "decimalDigits": 2,
    "name": "Nigerian Naira",
    "namePlural": "Nigerian nairas",
    "rounding": 0,
    "symbol": "₦",
    "symbolNative": "₦",
  },
  Object {
    "code": "NIO",
    "decimalDigits": 2,
    "name": "Nicaraguan Córdoba",
    "namePlural": "Nicaraguan córdobas",
    "rounding": 0,
    "symbol": "C$",
    "symbolNative": "C$",
  },
  Object {
    "code": "NOK",
    "decimalDigits": 2,
    "name": "Norwegian Krone",
    "namePlural": "Norwegian kroner",
    "rounding": 0,
    "symbol": "Nkr",
    "symbolNative": "kr",
  },
  Object {
    "code": "NPR",
    "decimalDigits": 2,
    "name": "Nepalese Rupee",
    "namePlural": "Nepalese rupees",
    "rounding": 0,
    "symbol": "NPRs",
    "symbolNative": "नेरू",
  },
  Object {
    "code": "NZD",
    "decimalDigits": 2,
    "name": "New Zealand Dollar",
    "namePlural": "New Zealand dollars",
    "rounding": 0,
    "symbol": "NZ$",
    "symbolNative": "$",
  },
  Object {
    "code": "OMR",
    "decimalDigits": 3,
    "name": "Omani Rial",
    "namePlural": "Omani rials",
    "rounding": 0,
    "symbol": "OMR",
    "symbolNative": "ر.ع.‏",
  },
  Object {
    "code": "PAB",
    "decimalDigits": 2,
    "name": "Panamanian Balboa",
    "namePlural": "Panamanian balboas",
    "rounding": 0,
    "symbol": "B/.",
    "symbolNative": "B/.",
  },
  Object {
    "code": "PEN",
    "decimalDigits": 2,
    "name": "Peruvian Nuevo Sol",
    "namePlural": "Peruvian nuevos soles",
    "rounding": 0,
    "symbol": "S/.",
    "symbolNative": "S/.",
  },
  Object {
    "code": "PHP",
    "decimalDigits": 2,
    "name": "Philippine Peso",
    "namePlural": "Philippine pesos",
    "rounding": 0,
    "symbol": "₱",
    "symbolNative": "₱",
  },
  Object {
    "code": "PKR",
    "decimalDigits": 0,
    "name": "Pakistani Rupee",
    "namePlural": "Pakistani rupees",
    "rounding": 0,
    "symbol": "PKRs",
    "symbolNative": "₨",
  },
  Object {
    "code": "PLN",
    "decimalDigits": 2,
    "name": "Polish Zloty",
    "namePlural": "Polish zlotys",
    "rounding": 0,
    "symbol": "zł",
    "symbolNative": "zł",
  },
  Object {
    "code": "PYG",
    "decimalDigits": 0,
    "name": "Paraguayan Guarani",
    "namePlural": "Paraguayan guaranis",
    "rounding": 0,
    "symbol": "₲",
    "symbolNative": "₲",
  },
  Object {
    "code": "QAR",
    "decimalDigits": 2,
    "name": "Qatari Rial",
    "namePlural": "Qatari rials",
    "rounding": 0,
    "symbol": "QR",
    "symbolNative": "ر.ق.‏",
  },
  Object {
    "code": "RON",
    "decimalDigits": 2,
    "name": "Romanian Leu",
    "namePlural": "Romanian lei",
    "rounding": 0,
    "symbol": "RON",
    "symbolNative": "RON",
  },
  Object {
    "code": "RSD",
    "decimalDigits": 0,
    "name": "Serbian Dinar",
    "namePlural": "Serbian dinars",
    "rounding": 0,
    "symbol": "din.",
    "symbolNative": "дин.",
  },
  Object {
    "code": "RUB",
    "decimalDigits": 2,
    "name": "Russian Ruble",
    "namePlural": "Russian rubles",
    "rounding": 0,
    "symbol": "RUB",
    "symbolNative": "руб.",
  },
  Object {
    "code": "RWF",
    "decimalDigits": 0,
    "name": "Rwandan Franc",
    "namePlural": "Rwandan francs",
    "rounding": 0,
    "symbol": "RWF",
    "symbolNative": "FR",
  },
  Object {
    "code": "SAR",
    "decimalDigits": 2,
    "name": "Saudi Riyal",
    "namePlural": "Saudi riyals",
    "rounding": 0,
    "symbol": "SR",
    "symbolNative": "ر.س.‏",
  },
  Object {
    "code": "SDG",
    "decimalDigits": 2,
    "name": "Sudanese Pound",
    "namePlural": "Sudanese pounds",
    "rounding": 0,
    "symbol": "SDG",
    "symbolNative": "SDG",
  },
  Object {
    "code": "SEK",
    "decimalDigits": 2,
    "name": "Swedish Krona",
    "namePlural": "Swedish kronor",
    "rounding": 0,
    "symbol": "Skr",
    "symbolNative": "kr",
  },
  Object {
    "code": "SGD",
    "decimalDigits": 2,
    "name": "Singapore Dollar",
    "namePlural": "Singapore dollars",
    "rounding": 0,
    "symbol": "S$",
    "symbolNative": "$",
  },
  Object {
    "code": "SOS",
    "decimalDigits": 0,
    "name": "Somali Shilling",
    "namePlural": "Somali shillings",
    "rounding": 0,
    "symbol": "Ssh",
    "symbolNative": "Ssh",
  },
  Object {
    "code": "SYP",
    "decimalDigits": 0,
    "name": "Syrian Pound",
    "namePlural": "Syrian pounds",
    "rounding": 0,
    "symbol": "SY£",
    "symbolNative": "ل.س.‏",
  },
  Object {
    "code": "THB",
    "decimalDigits": 2,
    "name": "Thai Baht",
    "namePlural": "Thai baht",
    "rounding": 0,
    "symbol": "฿",
    "symbolNative": "฿",
  },
  Object {
    "code": "TND",
    "decimalDigits": 3,
    "name": "Tunisian Dinar",
    "namePlural": "Tunisian dinars",
    "rounding": 0,
    "symbol": "DT",
    "symbolNative": "د.ت.‏",
  },
  Object {
    "code": "TOP",
    "decimalDigits": 2,
    "name": "Tongan Paʻanga",
    "namePlural": "Tongan paʻanga",
    "rounding": 0,
    "symbol": "T$",
    "symbolNative": "T$",
  },
  Object {
    "code": "TRY",
    "decimalDigits": 2,
    "name": "Turkish Lira",
    "namePlural": "Turkish Lira",
    "rounding": 0,
    "symbol": "TL",
    "symbolNative": "TL",
  },
  Object {
    "code": "TTD",
    "decimalDigits": 2,
    "name": "Trinidad and Tobago Dollar",
    "namePlural": "Trinidad and Tobago dollars",
    "rounding": 0,
    "symbol": "TT$",
    "symbolNative": "$",
  },
  Object {
    "code": "TWD",
    "decimalDigits": 2,
    "name": "New Taiwan Dollar",
    "namePlural": "New Taiwan dollars",
    "rounding": 0,
    "symbol": "NT$",
    "symbolNative": "NT$",
  },
  Object {
    "code": "TZS",
    "decimalDigits": 0,
    "name": "Tanzanian Shilling",
    "namePlural": "Tanzanian shillings",
    "rounding": 0,
    "symbol": "TSh",
    "symbolNative": "TSh",
  },
  Object {
    "code": "UAH",
    "decimalDigits": 2,
    "name": "Ukrainian Hryvnia",
    "namePlural": "Ukrainian hryvnias",
    "rounding": 0,
    "symbol": "₴",
    "symbolNative": "₴",
  },
  Object {
    "code": "UGX",
    "decimalDigits": 0,
    "name": "Ugandan Shilling",
    "namePlural": "Ugandan shillings",
    "rounding": 0,
    "symbol": "USh",
    "symbolNative": "USh",
  },
  Object {
    "code": "UYU",
    "decimalDigits": 2,
    "name": "Uruguayan Peso",
    "namePlural": "Uruguayan pesos",
    "rounding": 0,
    "symbol": "$U",
    "symbolNative": "$",
  },
  Object {
    "code": "UZS",
    "decimalDigits": 0,
    "name": "Uzbekistan Som",
    "namePlural": "Uzbekistan som",
    "rounding": 0,
    "symbol": "UZS",
    "symbolNative": "UZS",
  },
  Object {
    "code": "VEF",
    "decimalDigits": 2,
    "name": "Venezuelan Bolívar",
    "namePlural": "Venezuelan bolívars",
    "rounding": 0,
    "symbol": "Bs.F.",
    "symbolNative": "Bs.F.",
  },
  Object {
    "code": "VND",
    "decimalDigits": 0,
    "name": "Vietnamese Dong",
    "namePlural": "Vietnamese dong",
    "rounding": 0,
    "symbol": "₫",
    "symbolNative": "₫",
  },
  Object {
    "code": "XAF",
    "decimalDigits": 0,
    "name": "CFA Franc BEAC",
    "namePlural": "CFA francs BEAC",
    "rounding": 0,
    "symbol": "FCFA",
    "symbolNative": "FCFA",
  },
  Object {
    "code": "XOF",
    "decimalDigits": 0,
    "name": "CFA Franc BCEAO",
    "namePlural": "CFA francs BCEAO",
    "rounding": 0,
    "symbol": "CFA",
    "symbolNative": "CFA",
  },
  Object {
    "code": "YER",
    "decimalDigits": 0,
    "name": "Yemeni Rial",
    "namePlural": "Yemeni rials",
    "rounding": 0,
    "symbol": "YR",
    "symbolNative": "ر.ي.‏",
  },
  Object {
    "code": "ZAR",
    "decimalDigits": 2,
    "name": "South African Rand",
    "namePlural": "South African rand",
    "rounding": 0,
    "symbol": "R",
    "symbolNative": "R",
  },
  Object {
    "code": "ZMK",
    "decimalDigits": 0,
    "name": "Zambian Kwacha",
    "namePlural": "Zambian kwachas",
    "rounding": 0,
    "symbol": "ZK",
    "symbolNative": "ZK",
  },
]
`;

exports[`DynaCurrencies, get data should getCurrencyRatesByCountry for "at" 1`] = `
Array [
  Object {
    "code": "EUR",
    "decimalDigits": 2,
    "name": "Euro",
    "namePlural": "euros",
    "rounding": 0,
    "symbol": "€",
    "symbolNative": "€",
  },
]
`;

exports[`DynaCurrencies, get data should getCurrencyRatesByCountry for unknown country 1`] = `Array []`;

exports[`DynaCurrencies, get data should getCurrencyRatesDic 1`] = `
Object {
  "aed": 15.7586,
  "afn": 0.848065,
  "all": 0.507967,
  "amd": 0.120974,
  "ang": 32.3512,
  "aoa": 0.348847,
  "ars": 3.32402,
  "aud": 45.106,
  "awg": 32.3353,
  "azn": 34.0039,
  "bam": 34.7771,
  "bbd": 28.9401,
  "bdt": 0.707676,
  "bgn": 34.6998,
  "bhd": 153.436,
  "bif": 0.0332641,
  "bmd": 57.8802,
  "bnd": 42.512,
  "bob": 8.37907,
  "brl": 18.2717,
  "bsd": 57.8802,
  "btn": 0.88399,
  "bwp": 5.57528,
  "byn": 29.4321,
  "byr": 0.00298291,
  "bzd": 28.9406,
  "cad": 46.1916,
  "cdf": 0.0369761,
  "chf": 59.4605,
  "clp": 0.0913881,
  "cny": 8.6893,
  "cop": 0.019611,
  "crc": 0.101296,
  "csk": 57.8702,
  "cup": 2.18416,
  "cve": 0.61653,
  "czk": 2.61026,
  "djf": 0.323918,
  "dkk": 9.12142,
  "dop": 1.21545,
  "dzd": 0.509336,
  "egp": 3.28025,
  "ern": 3.75759,
  "etb": 2.46175,
  "eur": 67.9076,
  "fjd": 28.4566,
  "fkp": 76.6419,
  "gbp": 76.9843,
  "gel": 23.4152,
  "ghs": 13.1223,
  "gip": 76.6281,
  "gmd": 1.2256,
  "gnf": 0.00645576,
  "gtq": 7.88623,
  "gyd": 0.278449,
  "hkd": 7.4003,
  "hnl": 2.47562,
  "hrk": 9.07598,
  "htg": 0.917332,
  "huf": 0.21786000000000003,
  "idr": 0.00428036,
  "ils": 16.403,
  "inr": 0.8852150000000001,
  "iqd": 0.0496036,
  "irr": 0.00171303,
  "isk": 0.547281,
  "jmd": 0.448254,
  "jod": 81.6577,
  "jpy": 0.511872,
  "kes": 0.559771,
  "kgs": 0.841167,
  "khr": 0.0142788,
  "kmf": 0.138257,
  "kpw": 0.443319,
  "krw": 0.0503829,
  "kwd": 191.541,
  "kyd": 70.5856,
  "kzt": 0.16938199999999998,
  "lak": 0.00696068,
  "lbp": 0.0383272,
  "lkr": 0.377695,
  "lrd": 0.491978,
  "lsl": 4.23543,
  "ltl": 19.7018,
  "lvl": 96.7816,
  "lyd": 42.2557,
  "mad": 6.13102,
  "mdl": 3.28485,
  "mga": 0.0190843,
  "mkd": 1.10675,
  "mmk": 0.0424789,
  "mnt": 0.0234724,
  "mop": 7.1948,
  "mro": 0.162231,
  "mur": 1.69321,
  "mvr": 3.74848,
  "mwk": 0.0796816,
  "mxn": 3.17877,
  "myr": 13.6563,
  "mzn": 0.949043,
  "nad": 4.23543,
  "ngn": 0.160793,
  "nio": 1.90499,
  "nok": 7.22595,
  "npr": 0.552454,
  "nzd": 41.4107,
  "omr": 150.421,
  "pab": 57.8802,
  "pen": 17.7167,
  "pgk": 18.0727,
  "php": 1.1326,
  "pkr": 0.549439,
  "pln": 15.7273,
  "pyg": 0.0102382,
  "qar": 15.8296,
  "ron": 14.7845,
  "rsd": 0.570674,
  "rwf": 0.0684434,
  "sar": 15.4332,
  "sbd": 7.42699,
  "scr": 4.22194,
  "sdg": 8.66674,
  "sek": 7.0712,
  "sgd": 42.4225,
  "shp": 76.6419,
  "sll": 0.00755799,
  "sos": 0.0996402,
  "srd": 7.79029,
  "std": 0.00277178,
  "syp": 0.11227,
  "szl": 4.23543,
  "thb": 1.73277,
  "tjs": 6.57344,
  "tmt": 16.5181,
  "tnd": 23.3343,
  "top": 26.6704,
  "try": 16.1305,
  "ttd": 8.58375,
  "twd": 1.90176,
  "tzs": 0.0257759,
  "uah": 2.16814,
  "ugx": 0.0160575,
  "usd": 57.8134,
  "uyu": 1.98799,
  "uzs": 0.0071667,
  "vef": 5.68939,
  "vnd": 0.00254673,
  "vuv": 0.537586,
  "wst": 23.1391,
  "xaf": 0.103706,
  "xcd": 21.4371,
  "xdr": 81.7077,
  "xof": 0.103706,
  "xpf": 0.570061,
  "yer": 0.23125,
  "zar": 4.23641,
  "zmk": 0.00595744,
  "zwl": 57.8802,
}
`;
